Error adding to cart: next is not a function
Stack: TypeError: next is not a function
    at model.eval (webpack-internal:///(rsc)/./lib/db/models/Cart.ts:79:5)
    at Kareem.execPre (C:\Git\NutrimotionV1\nutrimotion-web\node_modules\kareem\index.js:68:39)
    at process.processTicksAndRejections (node:internal/process/task_queues:105:5)
    at async model.$__save (C:\Git\NutrimotionV1\nutrimotion-web\node_modules\mongoose\lib\model.js:371:5)
    at async model.save (C:\Git\NutrimotionV1\nutrimotion-web\node_modules\mongoose\lib\model.js:614:5)
    at async POST (webpack-internal:///(rsc)/./app/api/cart/items/route.ts:67:9)
    at async AppRouteRouteModule.do (C:\Git\NutrimotionV1\nutrimotion-web\node_modules\next\dist\compiled\next-server\app-route.runtime.dev.js:5:37866)
    at async AppRouteRouteModule.handle (C:\Git\NutrimotionV1\nutrimotion-web\node_modules\next\dist\compiled\next-server\app-route.runtime.dev.js:5:45156)
    at async responseGenerator (webpack-internal:///(rsc)/./node_modules/next/dist/build/webpack/loaders/next-app-loader/index.js?name=app%2Fapi%2Fcart%2Fitems%2Froute&page=%2Fapi%2Fcart%2Fitems%2Froute&appPaths=&pagePath=private-next-app-dir%2Fapi%2Fcart%2Fitems%2Froute.ts&appDir=C%3A%5CGit%5CNutrimotionV1%5Cnutrimotion-web%5Capp&pageExtensions=tsx&pageExtensions=ts&pageExtensions=jsx&pageExtensions=js&rootDir=C%3A%5CGit%5CNutrimotionV1%5Cnutrimotion-web&isDev=true&tsconfigPath=&basePath=&assetPrefix=&nextConfigOutput=&preferredRegion=&middlewareConfig=e30%3D&isGlobalNotFoundEnabled=!:230:38)
    at async AppRouteRouteModule.handleResponse (C:\Git\NutrimotionV1\nutrimotion-web\node_modules\next\dist\compiled\next-server\app-route.runtime.dev.js:1:191863)
    at async handleResponse (webpack-internal:///(rsc)/./node_modules/next/dist/build/webpack/loaders/next-app-loader/index.js?name=app%2Fapi%2Fcart%2Fitems%2Froute&page=%2Fapi%2Fcart%2Fitems%2Froute&appPaths=&pagePath=private-next-app-dir%2Fapi%2Fcart%2Fitems%2Froute.ts&appDir=C%3A%5CGit%5CNutrimotionV1%5Cnutrimotion-web%5Capp&pageExtensions=tsx&pageExtensions=ts&pageExtensions=jsx&pageExtensions=js&rootDir=C%3A%5CGit%5CNutrimotionV1%5Cnutrimotion-web&isDev=true&tsconfigPath=&basePath=&assetPrefix=&nextConfigOutput=&preferredRegion=&middlewareConfig=e30%3D&isGlobalNotFoundEnabled=!:293:32)
    at async Module.handler (webpack-internal:///(rsc)/./node_modules/next/dist/build/webpack/loaders/next-app-loader/index.js?name=app%2Fapi%2Fcart%2Fitems%2Froute&page=%2Fapi%2Fcart%2Fitems%2Froute&appPaths=&pagePath=private-next-app-dir%2Fapi%2Fcart%2Fitems%2Froute.ts&appDir=C%3A%5CGit%5CNutrimotionV1%5Cnutrimotion-web%5Capp&pageExtensions=tsx&pageExtensions=ts&pageExtensions=jsx&pageExtensions=js&rootDir=C%3A%5CGit%5CNutrimotionV1%5Cnutrimotion-web&isDev=true&tsconfigPath=&basePath=&assetPrefix=&nextConfigOutput=&preferredRegion=&middlewareConfig=e30%3D&isGlobalNotFoundEnabled=!:347:13)
    at async DevServer.renderToResponseWithComponentsImpl (C:\Git\NutrimotionV1\nutrimotion-web\node_modules\next\dist\server\base-server.js:1442:9)
    at async DevServer.renderPageComponent (C:\Git\NutrimotionV1\nutrimotion-web\node_modules\next\dist\server\base-server.js:1494:24)
    at async DevServer.renderToResponseImpl (C:\Git\NutrimotionV1\nutrimotion-web\node_modules\next\dist\server\base-server.js:1544:32)
    at async DevServer.pipeImpl (C:\Git\NutrimotionV1\nutrimotion-web\node_modules\next\dist\server\base-server.js:1038:25)
    at async NextNodeServer.handleCatchallRenderRequest (C:\Git\NutrimotionV1\nutrimotion-web\node_modules\next\dist\server\next-server.js:395:17)
    at async DevServer.handleRequestImpl (C:\Git\NutrimotionV1\nutrimotion-web\node_modules\next\dist\server\base-server.js:929:17)
    at async C:\Git\NutrimotionV1\nutrimotion-web\node_modules\next\dist\server\dev\next-dev-server.js:387:20
    at async Span.traceAsyncFn (C:\Git\NutrimotionV1\nutrimotion-web\node_modules\next\dist\trace\trace.js:157:20)
    at async DevServer.handleRequest (C:\Git\NutrimotionV1\nutrimotion-web\node_modules\next\dist\server\dev\next-dev-server.js:383:24)
    at async invokeRender (C:\Git\NutrimotionV1\nutrimotion-web\node_modules\next\dist\server\lib\router-server.js:248:21)
    at async handleRequest (C:\Git\NutrimotionV1\nutrimotion-web\node_modules\next\dist\server\lib\router-server.js:447:24)
    at async requestHandlerImpl (C:\Git\NutrimotionV1\nutrimotion-web\node_modules\next\dist\server\lib\router-server.js:496:13)
    at async Server.requestListener (C:\Git\NutrimotionV1\nutrimotion-web\node_modules\next\dist\server\lib\start-server.js:226:13)
Error adding to cart: next is not a function
Stack: TypeError: next is not a function
    at model.eval (webpack-internal:///(rsc)/./lib/db/models/Cart.ts:79:5)
    at Kareem.execPre (C:\Git\NutrimotionV1\nutrimotion-web\node_modules\kareem\index.js:68:39)
    at process.processTicksAndRejections (node:internal/process/task_queues:105:5)
    at async model.$__save (C:\Git\NutrimotionV1\nutrimotion-web\node_modules\mongoose\lib\model.js:371:5)
    at async model.save (C:\Git\NutrimotionV1\nutrimotion-web\node_modules\mongoose\lib\model.js:614:5)
    at async POST (webpack-internal:///(rsc)/./app/api/cart/items/route.ts:67:9)
    at async AppRouteRouteModule.do (C:\Git\NutrimotionV1\nutrimotion-web\node_modules\next\dist\compiled\next-server\app-route.runtime.dev.js:5:37866)
    at async AppRouteRouteModule.handle (C:\Git\NutrimotionV1\nutrimotion-web\node_modules\next\dist\compiled\next-server\app-route.runtime.dev.js:5:45156)
    at async responseGenerator (webpack-internal:///(rsc)/./node_modules/next/dist/build/webpack/loaders/next-app-loader/index.js?name=app%2Fapi%2Fcart%2Fitems%2Froute&page=%2Fapi%2Fcart%2Fitems%2Froute&appPaths=&pagePath=private-next-app-dir%2Fapi%2Fcart%2Fitems%2Froute.ts&appDir=C%3A%5CGit%5CNutrimotionV1%5Cnutrimotion-web%5Capp&pageExtensions=tsx&pageExtensions=ts&pageExtensions=jsx&pageExtensions=js&rootDir=C%3A%5CGit%5CNutrimotionV1%5Cnutrimotion-web&isDev=true&tsconfigPath=&basePath=&assetPrefix=&nextConfigOutput=&preferredRegion=&middlewareConfig=e30%3D&isGlobalNotFoundEnabled=!:230:38)
    at async AppRouteRouteModule.handleResponse (C:\Git\NutrimotionV1\nutrimotion-web\node_modules\next\dist\compiled\next-server\app-route.runtime.dev.js:1:191863)
    at async handleResponse (webpack-internal:///(rsc)/./node_modules/next/dist/build/webpack/loaders/next-app-loader/index.js?name=app%2Fapi%2Fcart%2Fitems%2Froute&page=%2Fapi%2Fcart%2Fitems%2Froute&appPaths=&pagePath=private-next-app-dir%2Fapi%2Fcart%2Fitems%2Froute.ts&appDir=C%3A%5CGit%5CNutrimotionV1%5Cnutrimotion-web%5Capp&pageExtensions=tsx&pageExtensions=ts&pageExtensions=jsx&pageExtensions=js&rootDir=C%3A%5CGit%5CNutrimotionV1%5Cnutrimotion-web&isDev=true&tsconfigPath=&basePath=&assetPrefix=&nextConfigOutput=&preferredRegion=&middlewareConfig=e30%3D&isGlobalNotFoundEnabled=!:293:32)
    at async Module.handler (webpack-internal:///(rsc)/./node_modules/next/dist/build/webpack/loaders/next-app-loader/index.js?name=app%2Fapi%2Fcart%2Fitems%2Froute&page=%2Fapi%2Fcart%2Fitems%2Froute&appPaths=&pagePath=private-next-app-dir%2Fapi%2Fcart%2Fitems%2Froute.ts&appDir=C%3A%5CGit%5CNutrimotionV1%5Cnutrimotion-web%5Capp&pageExtensions=tsx&pageExtensions=ts&pageExtensions=jsx&pageExtensions=js&rootDir=C%3A%5CGit%5CNutrimotionV1%5Cnutrimotion-web&isDev=true&tsconfigPath=&basePath=&assetPrefix=&nextConfigOutput=&preferredRegion=&middlewareConfig=e30%3D&isGlobalNotFoundEnabled=!:347:13)
    at async DevServer.renderToResponseWithComponentsImpl (C:\Git\NutrimotionV1\nutrimotion-web\node_modules\next\dist\server\base-server.js:1442:9)
    at async DevServer.renderPageComponent (C:\Git\NutrimotionV1\nutrimotion-web\node_modules\next\dist\server\base-server.js:1494:24)
    at async DevServer.renderToResponseImpl (C:\Git\NutrimotionV1\nutrimotion-web\node_modules\next\dist\server\base-server.js:1544:32)
    at async DevServer.pipeImpl (C:\Git\NutrimotionV1\nutrimotion-web\node_modules\next\dist\server\base-server.js:1038:25)
    at async NextNodeServer.handleCatchallRenderRequest (C:\Git\NutrimotionV1\nutrimotion-web\node_modules\next\dist\server\next-server.js:395:17)
    at async DevServer.handleRequestImpl (C:\Git\NutrimotionV1\nutrimotion-web\node_modules\next\dist\server\base-server.js:929:17)
    at async C:\Git\NutrimotionV1\nutrimotion-web\node_modules\next\dist\server\dev\next-dev-server.js:387:20
    at async Span.traceAsyncFn (C:\Git\NutrimotionV1\nutrimotion-web\node_modules\next\dist\trace\trace.js:157:20)
    at async DevServer.handleRequest (C:\Git\NutrimotionV1\nutrimotion-web\node_modules\next\dist\server\dev\next-dev-server.js:383:24)
    at async invokeRender (C:\Git\NutrimotionV1\nutrimotion-web\node_modules\next\dist\server\lib\router-server.js:248:21)
    at async handleRequest (C:\Git\NutrimotionV1\nutrimotion-web\node_modules\next\dist\server\lib\router-server.js:447:24)
    at async requestHandlerImpl (C:\Git\NutrimotionV1\nutrimotion-web\node_modules\next\dist\server\lib\router-server.js:496:13)
    at async Server.requestListener (C:\Git\NutrimotionV1\nutrimotion-web\node_modules\next\dist\server\lib\start-server.js:226:13)
Error adding to cart: next is not a function
Stack: TypeError: next is not a function
    at model.eval (webpack-internal:///(rsc)/./lib/db/models/Cart.ts:79:5)
    at Kareem.execPre (C:\Git\NutrimotionV1\nutrimotion-web\node_modules\kareem\index.js:68:39)
    at process.processTicksAndRejections (node:internal/process/task_queues:105:5)
    at async model.$__save (C:\Git\NutrimotionV1\nutrimotion-web\node_modules\mongoose\lib\model.js:371:5)
    at async model.save (C:\Git\NutrimotionV1\nutrimotion-web\node_modules\mongoose\lib\model.js:614:5)
    at async POST (webpack-internal:///(rsc)/./app/api/cart/items/route.ts:67:9)
    at async AppRouteRouteModule.do (C:\Git\NutrimotionV1\nutrimotion-web\node_modules\next\dist\compiled\next-server\app-route.runtime.dev.js:5:37866)
    at async AppRouteRouteModule.handle (C:\Git\NutrimotionV1\nutrimotion-web\node_modules\next\dist\compiled\next-server\app-route.runtime.dev.js:5:45156)
    at async responseGenerator (webpack-internal:///(rsc)/./node_modules/next/dist/build/webpack/loaders/next-app-loader/index.js?name=app%2Fapi%2Fcart%2Fitems%2Froute&page=%2Fapi%2Fcart%2Fitems%2Froute&appPaths=&pagePath=private-next-app-dir%2Fapi%2Fcart%2Fitems%2Froute.ts&appDir=C%3A%5CGit%5CNutrimotionV1%5Cnutrimotion-web%5Capp&pageExtensions=tsx&pageExtensions=ts&pageExtensions=jsx&pageExtensions=js&rootDir=C%3A%5CGit%5CNutrimotionV1%5Cnutrimotion-web&isDev=true&tsconfigPath=&basePath=&assetPrefix=&nextConfigOutput=&preferredRegion=&middlewareConfig=e30%3D&isGlobalNotFoundEnabled=!:230:38)
    at async AppRouteRouteModule.handleResponse (C:\Git\NutrimotionV1\nutrimotion-web\node_modules\next\dist\compiled\next-server\app-route.runtime.dev.js:1:191863)
    at async handleResponse (webpack-internal:///(rsc)/./node_modules/next/dist/build/webpack/loaders/next-app-loader/index.js?name=app%2Fapi%2Fcart%2Fitems%2Froute&page=%2Fapi%2Fcart%2Fitems%2Froute&appPaths=&pagePath=private-next-app-dir%2Fapi%2Fcart%2Fitems%2Froute.ts&appDir=C%3A%5CGit%5CNutrimotionV1%5Cnutrimotion-web%5Capp&pageExtensions=tsx&pageExtensions=ts&pageExtensions=jsx&pageExtensions=js&rootDir=C%3A%5CGit%5CNutrimotionV1%5Cnutrimotion-web&isDev=true&tsconfigPath=&basePath=&assetPrefix=&nextConfigOutput=&preferredRegion=&middlewareConfig=e30%3D&isGlobalNotFoundEnabled=!:293:32)
    at async Module.handler (webpack-internal:///(rsc)/./node_modules/next/dist/build/webpack/loaders/next-app-loader/index.js?name=app%2Fapi%2Fcart%2Fitems%2Froute&page=%2Fapi%2Fcart%2Fitems%2Froute&appPaths=&pagePath=private-next-app-dir%2Fapi%2Fcart%2Fitems%2Froute.ts&appDir=C%3A%5CGit%5CNutrimotionV1%5Cnutrimotion-web%5Capp&pageExtensions=tsx&pageExtensions=ts&pageExtensions=jsx&pageExtensions=js&rootDir=C%3A%5CGit%5CNutrimotionV1%5Cnutrimotion-web&isDev=true&tsconfigPath=&basePath=&assetPrefix=&nextConfigOutput=&preferredRegion=&middlewareConfig=e30%3D&isGlobalNotFoundEnabled=!:347:13)
    at async DevServer.renderToResponseWithComponentsImpl (C:\Git\NutrimotionV1\nutrimotion-web\node_modules\next\dist\server\base-server.js:1442:9)
    at async DevServer.renderPageComponent (C:\Git\NutrimotionV1\nutrimotion-web\node_modules\next\dist\server\base-server.js:1494:24)
    at async DevServer.renderToResponseImpl (C:\Git\NutrimotionV1\nutrimotion-web\node_modules\next\dist\server\base-server.js:1544:32)
    at async DevServer.pipeImpl (C:\Git\NutrimotionV1\nutrimotion-web\node_modules\next\dist\server\base-server.js:1038:25)
    at async NextNodeServer.handleCatchallRenderRequest (C:\Git\NutrimotionV1\nutrimotion-web\node_modules\next\dist\server\next-server.js:395:17)
    at async DevServer.handleRequestImpl (C:\Git\NutrimotionV1\nutrimotion-web\node_modules\next\dist\server\base-server.js:929:17)
    at async C:\Git\NutrimotionV1\nutrimotion-web\node_modules\next\dist\server\dev\next-dev-server.js:387:20
    at async Span.traceAsyncFn (C:\Git\NutrimotionV1\nutrimotion-web\node_modules\next\dist\trace\trace.js:157:20)
    at async DevServer.handleRequest (C:\Git\NutrimotionV1\nutrimotion-web\node_modules\next\dist\server\dev\next-dev-server.js:383:24)
    at async invokeRender (C:\Git\NutrimotionV1\nutrimotion-web\node_modules\next\dist\server\lib\router-server.js:248:21)
    at async handleRequest (C:\Git\NutrimotionV1\nutrimotion-web\node_modules\next\dist\server\lib\router-server.js:447:24)
    at async requestHandlerImpl (C:\Git\NutrimotionV1\nutrimotion-web\node_modules\next\dist\server\lib\router-server.js:496:13)
    at async Server.requestListener (C:\Git\NutrimotionV1\nutrimotion-web\node_modules\next\dist\server\lib\start-server.js:226:13)
Error adding to cart: next is not a function
Stack: TypeError: next is not a function
    at model.eval (webpack-internal:///(rsc)/./lib/db/models/Cart.ts:79:5)
    at Kareem.execPre (C:\Git\NutrimotionV1\nutrimotion-web\node_modules\kareem\index.js:68:39)
    at process.processTicksAndRejections (node:internal/process/task_queues:105:5)
    at async model.$__save (C:\Git\NutrimotionV1\nutrimotion-web\node_modules\mongoose\lib\model.js:371:5)
    at async model.save (C:\Git\NutrimotionV1\nutrimotion-web\node_modules\mongoose\lib\model.js:614:5)
    at async POST (webpack-internal:///(rsc)/./app/api/cart/items/route.ts:67:9)
    at async AppRouteRouteModule.do (C:\Git\NutrimotionV1\nutrimotion-web\node_modules\next\dist\compiled\next-server\app-route.runtime.dev.js:5:37866)
    at async AppRouteRouteModule.handle (C:\Git\NutrimotionV1\nutrimotion-web\node_modules\next\dist\compiled\next-server\app-route.runtime.dev.js:5:45156)
    at async responseGenerator (webpack-internal:///(rsc)/./node_modules/next/dist/build/webpack/loaders/next-app-loader/index.js?name=app%2Fapi%2Fcart%2Fitems%2Froute&page=%2Fapi%2Fcart%2Fitems%2Froute&appPaths=&pagePath=private-next-app-dir%2Fapi%2Fcart%2Fitems%2Froute.ts&appDir=C%3A%5CGit%5CNutrimotionV1%5Cnutrimotion-web%5Capp&pageExtensions=tsx&pageExtensions=ts&pageExtensions=jsx&pageExtensions=js&rootDir=C%3A%5CGit%5CNutrimotionV1%5Cnutrimotion-web&isDev=true&tsconfigPath=&basePath=&assetPrefix=&nextConfigOutput=&preferredRegion=&middlewareConfig=e30%3D&isGlobalNotFoundEnabled=!:230:38)
    at async AppRouteRouteModule.handleResponse (C:\Git\NutrimotionV1\nutrimotion-web\node_modules\next\dist\compiled\next-server\app-route.runtime.dev.js:1:191863)
    at async handleResponse (webpack-internal:///(rsc)/./node_modules/next/dist/build/webpack/loaders/next-app-loader/index.js?name=app%2Fapi%2Fcart%2Fitems%2Froute&page=%2Fapi%2Fcart%2Fitems%2Froute&appPaths=&pagePath=private-next-app-dir%2Fapi%2Fcart%2Fitems%2Froute.ts&appDir=C%3A%5CGit%5CNutrimotionV1%5Cnutrimotion-web%5Capp&pageExtensions=tsx&pageExtensions=ts&pageExtensions=jsx&pageExtensions=js&rootDir=C%3A%5CGit%5CNutrimotionV1%5Cnutrimotion-web&isDev=true&tsconfigPath=&basePath=&assetPrefix=&nextConfigOutput=&preferredRegion=&middlewareConfig=e30%3D&isGlobalNotFoundEnabled=!:293:32)
    at async Module.handler (webpack-internal:///(rsc)/./node_modules/next/dist/build/webpack/loaders/next-app-loader/index.js?name=app%2Fapi%2Fcart%2Fitems%2Froute&page=%2Fapi%2Fcart%2Fitems%2Froute&appPaths=&pagePath=private-next-app-dir%2Fapi%2Fcart%2Fitems%2Froute.ts&appDir=C%3A%5CGit%5CNutrimotionV1%5Cnutrimotion-web%5Capp&pageExtensions=tsx&pageExtensions=ts&pageExtensions=jsx&pageExtensions=js&rootDir=C%3A%5CGit%5CNutrimotionV1%5Cnutrimotion-web&isDev=true&tsconfigPath=&basePath=&assetPrefix=&nextConfigOutput=&preferredRegion=&middlewareConfig=e30%3D&isGlobalNotFoundEnabled=!:347:13)
    at async DevServer.renderToResponseWithComponentsImpl (C:\Git\NutrimotionV1\nutrimotion-web\node_modules\next\dist\server\base-server.js:1442:9)
    at async DevServer.renderPageComponent (C:\Git\NutrimotionV1\nutrimotion-web\node_modules\next\dist\server\base-server.js:1494:24)
    at async DevServer.renderToResponseImpl (C:\Git\NutrimotionV1\nutrimotion-web\node_modules\next\dist\server\base-server.js:1544:32)
    at async DevServer.pipeImpl (C:\Git\NutrimotionV1\nutrimotion-web\node_modules\next\dist\server\base-server.js:1038:25)
    at async NextNodeServer.handleCatchallRenderRequest (C:\Git\NutrimotionV1\nutrimotion-web\node_modules\next\dist\server\next-server.js:395:17)
    at async DevServer.handleRequestImpl (C:\Git\NutrimotionV1\nutrimotion-web\node_modules\next\dist\server\base-server.js:929:17)
    at async C:\Git\NutrimotionV1\nutrimotion-web\node_modules\next\dist\server\dev\next-dev-server.js:387:20
    at async Span.traceAsyncFn (C:\Git\NutrimotionV1\nutrimotion-web\node_modules\next\dist\trace\trace.js:157:20)
    at async DevServer.handleRequest (C:\Git\NutrimotionV1\nutrimotion-web\node_modules\next\dist\server\dev\next-dev-server.js:383:24)
    at async invokeRender (C:\Git\NutrimotionV1\nutrimotion-web\node_modules\next\dist\server\lib\router-server.js:248:21)
    at async handleRequest (C:\Git\NutrimotionV1\nutrimotion-web\node_modules\next\dist\server\lib\router-server.js:447:24)
    at async requestHandlerImpl (C:\Git\NutrimotionV1\nutrimotion-web\node_modules\next\dist\server\lib\router-server.js:496:13)
    at async Server.requestListener (C:\Git\NutrimotionV1\nutrimotion-web\node_modules\next\dist\server\lib\start-server.js:226:13)
Error adding to cart: next is not a function
Stack: TypeError: next is not a function
    at model.eval (webpack-internal:///(rsc)/./lib/db/models/Cart.ts:79:5)
    at Kareem.execPre (C:\Git\NutrimotionV1\nutrimotion-web\node_modules\kareem\index.js:68:39)
    at process.processTicksAndRejections (node:internal/process/task_queues:105:5)
    at async model.$__save (C:\Git\NutrimotionV1\nutrimotion-web\node_modules\mongoose\lib\model.js:371:5)
    at async model.save (C:\Git\NutrimotionV1\nutrimotion-web\node_modules\mongoose\lib\model.js:614:5)
    at async POST (webpack-internal:///(rsc)/./app/api/cart/items/route.ts:67:9)
    at async AppRouteRouteModule.do (C:\Git\NutrimotionV1\nutrimotion-web\node_modules\next\dist\compiled\next-server\app-route.runtime.dev.js:5:37866)
    at async AppRouteRouteModule.handle (C:\Git\NutrimotionV1\nutrimotion-web\node_modules\next\dist\compiled\next-server\app-route.runtime.dev.js:5:45156)
    at async responseGenerator (webpack-internal:///(rsc)/./node_modules/next/dist/build/webpack/loaders/next-app-loader/index.js?name=app%2Fapi%2Fcart%2Fitems%2Froute&page=%2Fapi%2Fcart%2Fitems%2Froute&appPaths=&pagePath=private-next-app-dir%2Fapi%2Fcart%2Fitems%2Froute.ts&appDir=C%3A%5CGit%5CNutrimotionV1%5Cnutrimotion-web%5Capp&pageExtensions=tsx&pageExtensions=ts&pageExtensions=jsx&pageExtensions=js&rootDir=C%3A%5CGit%5CNutrimotionV1%5Cnutrimotion-web&isDev=true&tsconfigPath=&basePath=&assetPrefix=&nextConfigOutput=&preferredRegion=&middlewareConfig=e30%3D&isGlobalNotFoundEnabled=!:230:38)
    at async AppRouteRouteModule.handleResponse (C:\Git\NutrimotionV1\nutrimotion-web\node_modules\next\dist\compiled\next-server\app-route.runtime.dev.js:1:191863)
    at async handleResponse (webpack-internal:///(rsc)/./node_modules/next/dist/build/webpack/loaders/next-app-loader/index.js?name=app%2Fapi%2Fcart%2Fitems%2Froute&page=%2Fapi%2Fcart%2Fitems%2Froute&appPaths=&pagePath=private-next-app-dir%2Fapi%2Fcart%2Fitems%2Froute.ts&appDir=C%3A%5CGit%5CNutrimotionV1%5Cnutrimotion-web%5Capp&pageExtensions=tsx&pageExtensions=ts&pageExtensions=jsx&pageExtensions=js&rootDir=C%3A%5CGit%5CNutrimotionV1%5Cnutrimotion-web&isDev=true&tsconfigPath=&basePath=&assetPrefix=&nextConfigOutput=&preferredRegion=&middlewareConfig=e30%3D&isGlobalNotFoundEnabled=!:293:32)
    at async Module.handler (webpack-internal:///(rsc)/./node_modules/next/dist/build/webpack/loaders/next-app-loader/index.js?name=app%2Fapi%2Fcart%2Fitems%2Froute&page=%2Fapi%2Fcart%2Fitems%2Froute&appPaths=&pagePath=private-next-app-dir%2Fapi%2Fcart%2Fitems%2Froute.ts&appDir=C%3A%5CGit%5CNutrimotionV1%5Cnutrimotion-web%5Capp&pageExtensions=tsx&pageExtensions=ts&pageExtensions=jsx&pageExtensions=js&rootDir=C%3A%5CGit%5CNutrimotionV1%5Cnutrimotion-web&isDev=true&tsconfigPath=&basePath=&assetPrefix=&nextConfigOutput=&preferredRegion=&middlewareConfig=e30%3D&isGlobalNotFoundEnabled=!:347:13)
    at async DevServer.renderToResponseWithComponentsImpl (C:\Git\NutrimotionV1\nutrimotion-web\node_modules\next\dist\server\base-server.js:1442:9)
    at async DevServer.renderPageComponent (C:\Git\NutrimotionV1\nutrimotion-web\node_modules\next\dist\server\base-server.js:1494:24)
    at async DevServer.renderToResponseImpl (C:\Git\NutrimotionV1\nutrimotion-web\node_modules\next\dist\server\base-server.js:1544:32)
    at async DevServer.pipeImpl (C:\Git\NutrimotionV1\nutrimotion-web\node_modules\next\dist\server\base-server.js:1038:25)
    at async NextNodeServer.handleCatchallRenderRequest (C:\Git\NutrimotionV1\nutrimotion-web\node_modules\next\dist\server\next-server.js:395:17)
    at async DevServer.handleRequestImpl (C:\Git\NutrimotionV1\nutrimotion-web\node_modules\next\dist\server\base-server.js:929:17)
    at async C:\Git\NutrimotionV1\nutrimotion-web\node_modules\next\dist\server\dev\next-dev-server.js:387:20
    at async Span.traceAsyncFn (C:\Git\NutrimotionV1\nutrimotion-web\node_modules\next\dist\trace\trace.js:157:20)
    at async DevServer.handleRequest (C:\Git\NutrimotionV1\nutrimotion-web\node_modules\next\dist\server\dev\next-dev-server.js:383:24)
    at async invokeRender (C:\Git\NutrimotionV1\nutrimotion-web\node_modules\next\dist\server\lib\router-server.js:248:21)
    at async handleRequest (C:\Git\NutrimotionV1\nutrimotion-web\node_modules\next\dist\server\lib\router-server.js:447:24)
    at async requestHandlerImpl (C:\Git\NutrimotionV1\nutrimotion-web\node_modules\next\dist\server\lib\router-server.js:496:13)
    at async Server.requestListener (C:\Git\NutrimotionV1\nutrimotion-web\node_modules\next\dist\server\lib\start-server.js:226:13)
Error adding to cart: next is not a function
Stack: TypeError: next is not a function
    at model.eval (webpack-internal:///(rsc)/./lib/db/models/Cart.ts:79:5)
    at Kareem.execPre (C:\Git\NutrimotionV1\nutrimotion-web\node_modules\kareem\index.js:68:39)
    at process.processTicksAndRejections (node:internal/process/task_queues:105:5)
    at async model.$__save (C:\Git\NutrimotionV1\nutrimotion-web\node_modules\mongoose\lib\model.js:371:5)
    at async model.save (C:\Git\NutrimotionV1\nutrimotion-web\node_modules\mongoose\lib\model.js:614:5)
    at async POST (webpack-internal:///(rsc)/./app/api/cart/items/route.ts:67:9)
    at async AppRouteRouteModule.do (C:\Git\NutrimotionV1\nutrimotion-web\node_modules\next\dist\compiled\next-server\app-route.runtime.dev.js:5:37866)
    at async AppRouteRouteModule.handle (C:\Git\NutrimotionV1\nutrimotion-web\node_modules\next\dist\compiled\next-server\app-route.runtime.dev.js:5:45156)
    at async responseGenerator (webpack-internal:///(rsc)/./node_modules/next/dist/build/webpack/loaders/next-app-loader/index.js?name=app%2Fapi%2Fcart%2Fitems%2Froute&page=%2Fapi%2Fcart%2Fitems%2Froute&appPaths=&pagePath=private-next-app-dir%2Fapi%2Fcart%2Fitems%2Froute.ts&appDir=C%3A%5CGit%5CNutrimotionV1%5Cnutrimotion-web%5Capp&pageExtensions=tsx&pageExtensions=ts&pageExtensions=jsx&pageExtensions=js&rootDir=C%3A%5CGit%5CNutrimotionV1%5Cnutrimotion-web&isDev=true&tsconfigPath=&basePath=&assetPrefix=&nextConfigOutput=&preferredRegion=&middlewareConfig=e30%3D&isGlobalNotFoundEnabled=!:230:38)
    at async AppRouteRouteModule.handleResponse (C:\Git\NutrimotionV1\nutrimotion-web\node_modules\next\dist\compiled\next-server\app-route.runtime.dev.js:1:191863)
    at async handleResponse (webpack-internal:///(rsc)/./node_modules/next/dist/build/webpack/loaders/next-app-loader/index.js?name=app%2Fapi%2Fcart%2Fitems%2Froute&page=%2Fapi%2Fcart%2Fitems%2Froute&appPaths=&pagePath=private-next-app-dir%2Fapi%2Fcart%2Fitems%2Froute.ts&appDir=C%3A%5CGit%5CNutrimotionV1%5Cnutrimotion-web%5Capp&pageExtensions=tsx&pageExtensions=ts&pageExtensions=jsx&pageExtensions=js&rootDir=C%3A%5CGit%5CNutrimotionV1%5Cnutrimotion-web&isDev=true&tsconfigPath=&basePath=&assetPrefix=&nextConfigOutput=&preferredRegion=&middlewareConfig=e30%3D&isGlobalNotFoundEnabled=!:293:32)
    at async Module.handler (webpack-internal:///(rsc)/./node_modules/next/dist/build/webpack/loaders/next-app-loader/index.js?name=app%2Fapi%2Fcart%2Fitems%2Froute&page=%2Fapi%2Fcart%2Fitems%2Froute&appPaths=&pagePath=private-next-app-dir%2Fapi%2Fcart%2Fitems%2Froute.ts&appDir=C%3A%5CGit%5CNutrimotionV1%5Cnutrimotion-web%5Capp&pageExtensions=tsx&pageExtensions=ts&pageExtensions=jsx&pageExtensions=js&rootDir=C%3A%5CGit%5CNutrimotionV1%5Cnutrimotion-web&isDev=true&tsconfigPath=&basePath=&assetPrefix=&nextConfigOutput=&preferredRegion=&middlewareConfig=e30%3D&isGlobalNotFoundEnabled=!:347:13)
    at async DevServer.renderToResponseWithComponentsImpl (C:\Git\NutrimotionV1\nutrimotion-web\node_modules\next\dist\server\base-server.js:1442:9)
    at async DevServer.renderPageComponent (C:\Git\NutrimotionV1\nutrimotion-web\node_modules\next\dist\server\base-server.js:1494:24)
    at async DevServer.renderToResponseImpl (C:\Git\NutrimotionV1\nutrimotion-web\node_modules\next\dist\server\base-server.js:1544:32)
    at async DevServer.pipeImpl (C:\Git\NutrimotionV1\nutrimotion-web\node_modules\next\dist\server\base-server.js:1038:25)
    at async NextNodeServer.handleCatchallRenderRequest (C:\Git\NutrimotionV1\nutrimotion-web\node_modules\next\dist\server\next-server.js:395:17)
    at async DevServer.handleRequestImpl (C:\Git\NutrimotionV1\nutrimotion-web\node_modules\next\dist\server\base-server.js:929:17)
    at async C:\Git\NutrimotionV1\nutrimotion-web\node_modules\next\dist\server\dev\next-dev-server.js:387:20
    at async Span.traceAsyncFn (C:\Git\NutrimotionV1\nutrimotion-web\node_modules\next\dist\trace\trace.js:157:20)
    at async DevServer.handleRequest (C:\Git\NutrimotionV1\nutrimotion-web\node_modules\next\dist\server\dev\next-dev-server.js:383:24)
    at async invokeRender (C:\Git\NutrimotionV1\nutrimotion-web\node_modules\next\dist\server\lib\router-server.js:248:21)
    at async handleRequest (C:\Git\NutrimotionV1\nutrimotion-web\node_modules\next\dist\server\lib\router-server.js:447:24)
    at async requestHandlerImpl (C:\Git\NutrimotionV1\nutrimotion-web\node_modules\next\dist\server\lib\router-server.js:496:13)
    at async Server.requestListener (C:\Git\NutrimotionV1\nutrimotion-web\node_modules\next\dist\server\lib\start-server.js:226:13)
Error adding to cart: next is not a function
Stack: TypeError: next is not a function
    at model.eval (webpack-internal:///(rsc)/./lib/db/models/Cart.ts:79:5)
    at Kareem.execPre (C:\Git\NutrimotionV1\nutrimotion-web\node_modules\kareem\index.js:68:39)
    at process.processTicksAndRejections (node:internal/process/task_queues:105:5)
    at async model.$__save (C:\Git\NutrimotionV1\nutrimotion-web\node_modules\mongoose\lib\model.js:371:5)
    at async model.save (C:\Git\NutrimotionV1\nutrimotion-web\node_modules\mongoose\lib\model.js:614:5)
    at async POST (webpack-internal:///(rsc)/./app/api/cart/items/route.ts:67:9)
    at async AppRouteRouteModule.do (C:\Git\NutrimotionV1\nutrimotion-web\node_modules\next\dist\compiled\next-server\app-route.runtime.dev.js:5:37866)
    at async AppRouteRouteModule.handle (C:\Git\NutrimotionV1\nutrimotion-web\node_modules\next\dist\compiled\next-server\app-route.runtime.dev.js:5:45156)
    at async responseGenerator (webpack-internal:///(rsc)/./node_modules/next/dist/build/webpack/loaders/next-app-loader/index.js?name=app%2Fapi%2Fcart%2Fitems%2Froute&page=%2Fapi%2Fcart%2Fitems%2Froute&appPaths=&pagePath=private-next-app-dir%2Fapi%2Fcart%2Fitems%2Froute.ts&appDir=C%3A%5CGit%5CNutrimotionV1%5Cnutrimotion-web%5Capp&pageExtensions=tsx&pageExtensions=ts&pageExtensions=jsx&pageExtensions=js&rootDir=C%3A%5CGit%5CNutrimotionV1%5Cnutrimotion-web&isDev=true&tsconfigPath=&basePath=&assetPrefix=&nextConfigOutput=&preferredRegion=&middlewareConfig=e30%3D&isGlobalNotFoundEnabled=!:230:38)
    at async AppRouteRouteModule.handleResponse (C:\Git\NutrimotionV1\nutrimotion-web\node_modules\next\dist\compiled\next-server\app-route.runtime.dev.js:1:191863)
    at async handleResponse (webpack-internal:///(rsc)/./node_modules/next/dist/build/webpack/loaders/next-app-loader/index.js?name=app%2Fapi%2Fcart%2Fitems%2Froute&page=%2Fapi%2Fcart%2Fitems%2Froute&appPaths=&pagePath=private-next-app-dir%2Fapi%2Fcart%2Fitems%2Froute.ts&appDir=C%3A%5CGit%5CNutrimotionV1%5Cnutrimotion-web%5Capp&pageExtensions=tsx&pageExtensions=ts&pageExtensions=jsx&pageExtensions=js&rootDir=C%3A%5CGit%5CNutrimotionV1%5Cnutrimotion-web&isDev=true&tsconfigPath=&basePath=&assetPrefix=&nextConfigOutput=&preferredRegion=&middlewareConfig=e30%3D&isGlobalNotFoundEnabled=!:293:32)
    at async Module.handler (webpack-internal:///(rsc)/./node_modules/next/dist/build/webpack/loaders/next-app-loader/index.js?name=app%2Fapi%2Fcart%2Fitems%2Froute&page=%2Fapi%2Fcart%2Fitems%2Froute&appPaths=&pagePath=private-next-app-dir%2Fapi%2Fcart%2Fitems%2Froute.ts&appDir=C%3A%5CGit%5CNutrimotionV1%5Cnutrimotion-web%5Capp&pageExtensions=tsx&pageExtensions=ts&pageExtensions=jsx&pageExtensions=js&rootDir=C%3A%5CGit%5CNutrimotionV1%5Cnutrimotion-web&isDev=true&tsconfigPath=&basePath=&assetPrefix=&nextConfigOutput=&preferredRegion=&middlewareConfig=e30%3D&isGlobalNotFoundEnabled=!:347:13)
    at async DevServer.renderToResponseWithComponentsImpl (C:\Git\NutrimotionV1\nutrimotion-web\node_modules\next\dist\server\base-server.js:1442:9)
    at async DevServer.renderPageComponent (C:\Git\NutrimotionV1\nutrimotion-web\node_modules\next\dist\server\base-server.js:1494:24)
    at async DevServer.renderToResponseImpl (C:\Git\NutrimotionV1\nutrimotion-web\node_modules\next\dist\server\base-server.js:1544:32)
    at async DevServer.pipeImpl (C:\Git\NutrimotionV1\nutrimotion-web\node_modules\next\dist\server\base-server.js:1038:25)
    at async NextNodeServer.handleCatchallRenderRequest (C:\Git\NutrimotionV1\nutrimotion-web\node_modules\next\dist\server\next-server.js:395:17)
    at async DevServer.handleRequestImpl (C:\Git\NutrimotionV1\nutrimotion-web\node_modules\next\dist\server\base-server.js:929:17)
    at async C:\Git\NutrimotionV1\nutrimotion-web\node_modules\next\dist\server\dev\next-dev-server.js:387:20
    at async Span.traceAsyncFn (C:\Git\NutrimotionV1\nutrimotion-web\node_modules\next\dist\trace\trace.js:157:20)
    at async DevServer.handleRequest (C:\Git\NutrimotionV1\nutrimotion-web\node_modules\next\dist\server\dev\next-dev-server.js:383:24)
    at async invokeRender (C:\Git\NutrimotionV1\nutrimotion-web\node_modules\next\dist\server\lib\router-server.js:248:21)
    at async handleRequest (C:\Git\NutrimotionV1\nutrimotion-web\node_modules\next\dist\server\lib\router-server.js:447:24)
    at async requestHandlerImpl (C:\Git\NutrimotionV1\nutrimotion-web\node_modules\next\dist\server\lib\router-server.js:496:13)
    at async Server.requestListener (C:\Git\NutrimotionV1\nutrimotion-web\node_modules\next\dist\server\lib\start-server.js:226:13)
Error adding to cart: next is not a function
Stack: TypeError: next is not a function
    at model.eval (webpack-internal:///(rsc)/./lib/db/models/Cart.ts:79:5)
    at Kareem.execPre (C:\Git\NutrimotionV1\nutrimotion-web\node_modules\kareem\index.js:68:39)
    at process.processTicksAndRejections (node:internal/process/task_queues:105:5)
    at async model.$__save (C:\Git\NutrimotionV1\nutrimotion-web\node_modules\mongoose\lib\model.js:371:5)
    at async model.save (C:\Git\NutrimotionV1\nutrimotion-web\node_modules\mongoose\lib\model.js:614:5)
    at async POST (webpack-internal:///(rsc)/./app/api/cart/items/route.ts:67:9)
    at async AppRouteRouteModule.do (C:\Git\NutrimotionV1\nutrimotion-web\node_modules\next\dist\compiled\next-server\app-route.runtime.dev.js:5:37866)
    at async AppRouteRouteModule.handle (C:\Git\NutrimotionV1\nutrimotion-web\node_modules\next\dist\compiled\next-server\app-route.runtime.dev.js:5:45156)
    at async responseGenerator (webpack-internal:///(rsc)/./node_modules/next/dist/build/webpack/loaders/next-app-loader/index.js?name=app%2Fapi%2Fcart%2Fitems%2Froute&page=%2Fapi%2Fcart%2Fitems%2Froute&appPaths=&pagePath=private-next-app-dir%2Fapi%2Fcart%2Fitems%2Froute.ts&appDir=C%3A%5CGit%5CNutrimotionV1%5Cnutrimotion-web%5Capp&pageExtensions=tsx&pageExtensions=ts&pageExtensions=jsx&pageExtensions=js&rootDir=C%3A%5CGit%5CNutrimotionV1%5Cnutrimotion-web&isDev=true&tsconfigPath=&basePath=&assetPrefix=&nextConfigOutput=&preferredRegion=&middlewareConfig=e30%3D&isGlobalNotFoundEnabled=!:230:38)
    at async AppRouteRouteModule.handleResponse (C:\Git\NutrimotionV1\nutrimotion-web\node_modules\next\dist\compiled\next-server\app-route.runtime.dev.js:1:191863)
    at async handleResponse (webpack-internal:///(rsc)/./node_modules/next/dist/build/webpack/loaders/next-app-loader/index.js?name=app%2Fapi%2Fcart%2Fitems%2Froute&page=%2Fapi%2Fcart%2Fitems%2Froute&appPaths=&pagePath=private-next-app-dir%2Fapi%2Fcart%2Fitems%2Froute.ts&appDir=C%3A%5CGit%5CNutrimotionV1%5Cnutrimotion-web%5Capp&pageExtensions=tsx&pageExtensions=ts&pageExtensions=jsx&pageExtensions=js&rootDir=C%3A%5CGit%5CNutrimotionV1%5Cnutrimotion-web&isDev=true&tsconfigPath=&basePath=&assetPrefix=&nextConfigOutput=&preferredRegion=&middlewareConfig=e30%3D&isGlobalNotFoundEnabled=!:293:32)
    at async Module.handler (webpack-internal:///(rsc)/./node_modules/next/dist/build/webpack/loaders/next-app-loader/index.js?name=app%2Fapi%2Fcart%2Fitems%2Froute&page=%2Fapi%2Fcart%2Fitems%2Froute&appPaths=&pagePath=private-next-app-dir%2Fapi%2Fcart%2Fitems%2Froute.ts&appDir=C%3A%5CGit%5CNutrimotionV1%5Cnutrimotion-web%5Capp&pageExtensions=tsx&pageExtensions=ts&pageExtensions=jsx&pageExtensions=js&rootDir=C%3A%5CGit%5CNutrimotionV1%5Cnutrimotion-web&isDev=true&tsconfigPath=&basePath=&assetPrefix=&nextConfigOutput=&preferredRegion=&middlewareConfig=e30%3D&isGlobalNotFoundEnabled=!:347:13)
    at async DevServer.renderToResponseWithComponentsImpl (C:\Git\NutrimotionV1\nutrimotion-web\node_modules\next\dist\server\base-server.js:1442:9)
    at async DevServer.renderPageComponent (C:\Git\NutrimotionV1\nutrimotion-web\node_modules\next\dist\server\base-server.js:1494:24)
    at async DevServer.renderToResponseImpl (C:\Git\NutrimotionV1\nutrimotion-web\node_modules\next\dist\server\base-server.js:1544:32)
    at async DevServer.pipeImpl (C:\Git\NutrimotionV1\nutrimotion-web\node_modules\next\dist\server\base-server.js:1038:25)
    at async NextNodeServer.handleCatchallRenderRequest (C:\Git\NutrimotionV1\nutrimotion-web\node_modules\next\dist\server\next-server.js:395:17)
    at async DevServer.handleRequestImpl (C:\Git\NutrimotionV1\nutrimotion-web\node_modules\next\dist\server\base-server.js:929:17)
    at async C:\Git\NutrimotionV1\nutrimotion-web\node_modules\next\dist\server\dev\next-dev-server.js:387:20
    at async Span.traceAsyncFn (C:\Git\NutrimotionV1\nutrimotion-web\node_modules\next\dist\trace\trace.js:157:20)
    at async DevServer.handleRequest (C:\Git\NutrimotionV1\nutrimotion-web\node_modules\next\dist\server\dev\next-dev-server.js:383:24)
    at async invokeRender (C:\Git\NutrimotionV1\nutrimotion-web\node_modules\next\dist\server\lib\router-server.js:248:21)
    at async handleRequest (C:\Git\NutrimotionV1\nutrimotion-web\node_modules\next\dist\server\lib\router-server.js:447:24)
    at async requestHandlerImpl (C:\Git\NutrimotionV1\nutrimotion-web\node_modules\next\dist\server\lib\router-server.js:496:13)
    at async Server.requestListener (C:\Git\NutrimotionV1\nutrimotion-web\node_modules\next\dist\server\lib\start-server.js:226:13)
Error adding to cart: next is not a function
Stack: TypeError: next is not a function
    at model.eval (webpack-internal:///(rsc)/./lib/db/models/Cart.ts:79:5)
    at Kareem.execPre (C:\Git\NutrimotionV1\nutrimotion-web\node_modules\kareem\index.js:68:39)
    at process.processTicksAndRejections (node:internal/process/task_queues:105:5)
    at async model.$__save (C:\Git\NutrimotionV1\nutrimotion-web\node_modules\mongoose\lib\model.js:371:5)
    at async model.save (C:\Git\NutrimotionV1\nutrimotion-web\node_modules\mongoose\lib\model.js:614:5)
    at async POST (webpack-internal:///(rsc)/./app/api/cart/items/route.ts:67:9)
    at async AppRouteRouteModule.do (C:\Git\NutrimotionV1\nutrimotion-web\node_modules\next\dist\compiled\next-server\app-route.runtime.dev.js:5:37866)
    at async AppRouteRouteModule.handle (C:\Git\NutrimotionV1\nutrimotion-web\node_modules\next\dist\compiled\next-server\app-route.runtime.dev.js:5:45156)
    at async responseGenerator (webpack-internal:///(rsc)/./node_modules/next/dist/build/webpack/loaders/next-app-loader/index.js?name=app%2Fapi%2Fcart%2Fitems%2Froute&page=%2Fapi%2Fcart%2Fitems%2Froute&appPaths=&pagePath=private-next-app-dir%2Fapi%2Fcart%2Fitems%2Froute.ts&appDir=C%3A%5CGit%5CNutrimotionV1%5Cnutrimotion-web%5Capp&pageExtensions=tsx&pageExtensions=ts&pageExtensions=jsx&pageExtensions=js&rootDir=C%3A%5CGit%5CNutrimotionV1%5Cnutrimotion-web&isDev=true&tsconfigPath=&basePath=&assetPrefix=&nextConfigOutput=&preferredRegion=&middlewareConfig=e30%3D&isGlobalNotFoundEnabled=!:230:38)
    at async AppRouteRouteModule.handleResponse (C:\Git\NutrimotionV1\nutrimotion-web\node_modules\next\dist\compiled\next-server\app-route.runtime.dev.js:1:191863)
    at async handleResponse (webpack-internal:///(rsc)/./node_modules/next/dist/build/webpack/loaders/next-app-loader/index.js?name=app%2Fapi%2Fcart%2Fitems%2Froute&page=%2Fapi%2Fcart%2Fitems%2Froute&appPaths=&pagePath=private-next-app-dir%2Fapi%2Fcart%2Fitems%2Froute.ts&appDir=C%3A%5CGit%5CNutrimotionV1%5Cnutrimotion-web%5Capp&pageExtensions=tsx&pageExtensions=ts&pageExtensions=jsx&pageExtensions=js&rootDir=C%3A%5CGit%5CNutrimotionV1%5Cnutrimotion-web&isDev=true&tsconfigPath=&basePath=&assetPrefix=&nextConfigOutput=&preferredRegion=&middlewareConfig=e30%3D&isGlobalNotFoundEnabled=!:293:32)
    at async Module.handler (webpack-internal:///(rsc)/./node_modules/next/dist/build/webpack/loaders/next-app-loader/index.js?name=app%2Fapi%2Fcart%2Fitems%2Froute&page=%2Fapi%2Fcart%2Fitems%2Froute&appPaths=&pagePath=private-next-app-dir%2Fapi%2Fcart%2Fitems%2Froute.ts&appDir=C%3A%5CGit%5CNutrimotionV1%5Cnutrimotion-web%5Capp&pageExtensions=tsx&pageExtensions=ts&pageExtensions=jsx&pageExtensions=js&rootDir=C%3A%5CGit%5CNutrimotionV1%5Cnutrimotion-web&isDev=true&tsconfigPath=&basePath=&assetPrefix=&nextConfigOutput=&preferredRegion=&middlewareConfig=e30%3D&isGlobalNotFoundEnabled=!:347:13)
    at async DevServer.renderToResponseWithComponentsImpl (C:\Git\NutrimotionV1\nutrimotion-web\node_modules\next\dist\server\base-server.js:1442:9)
    at async DevServer.renderPageComponent (C:\Git\NutrimotionV1\nutrimotion-web\node_modules\next\dist\server\base-server.js:1494:24)
    at async DevServer.renderToResponseImpl (C:\Git\NutrimotionV1\nutrimotion-web\node_modules\next\dist\server\base-server.js:1544:32)
    at async DevServer.pipeImpl (C:\Git\NutrimotionV1\nutrimotion-web\node_modules\next\dist\server\base-server.js:1038:25)
    at async NextNodeServer.handleCatchallRenderRequest (C:\Git\NutrimotionV1\nutrimotion-web\node_modules\next\dist\server\next-server.js:395:17)
    at async DevServer.handleRequestImpl (C:\Git\NutrimotionV1\nutrimotion-web\node_modules\next\dist\server\base-server.js:929:17)
    at async C:\Git\NutrimotionV1\nutrimotion-web\node_modules\next\dist\server\dev\next-dev-server.js:387:20
    at async Span.traceAsyncFn (C:\Git\NutrimotionV1\nutrimotion-web\node_modules\next\dist\trace\trace.js:157:20)
    at async DevServer.handleRequest (C:\Git\NutrimotionV1\nutrimotion-web\node_modules\next\dist\server\dev\next-dev-server.js:383:24)
    at async invokeRender (C:\Git\NutrimotionV1\nutrimotion-web\node_modules\next\dist\server\lib\router-server.js:248:21)
    at async handleRequest (C:\Git\NutrimotionV1\nutrimotion-web\node_modules\next\dist\server\lib\router-server.js:447:24)
    at async requestHandlerImpl (C:\Git\NutrimotionV1\nutrimotion-web\node_modules\next\dist\server\lib\router-server.js:496:13)
    at async Server.requestListener (C:\Git\NutrimotionV1\nutrimotion-web\node_modules\next\dist\server\lib\start-server.js:226:13)
Error adding to cart: next is not a function
Stack: TypeError: next is not a function
    at model.eval (webpack-internal:///(rsc)/./lib/db/models/Cart.ts:79:5)
    at Kareem.execPre (C:\Git\NutrimotionV1\nutrimotion-web\node_modules\kareem\index.js:68:39)
    at process.processTicksAndRejections (node:internal/process/task_queues:105:5)
    at async model.$__save (C:\Git\NutrimotionV1\nutrimotion-web\node_modules\mongoose\lib\model.js:371:5)
    at async model.save (C:\Git\NutrimotionV1\nutrimotion-web\node_modules\mongoose\lib\model.js:614:5)
    at async POST (webpack-internal:///(rsc)/./app/api/cart/items/route.ts:67:9)
    at async AppRouteRouteModule.do (C:\Git\NutrimotionV1\nutrimotion-web\node_modules\next\dist\compiled\next-server\app-route.runtime.dev.js:5:37866)
    at async AppRouteRouteModule.handle (C:\Git\NutrimotionV1\nutrimotion-web\node_modules\next\dist\compiled\next-server\app-route.runtime.dev.js:5:45156)
    at async responseGenerator (webpack-internal:///(rsc)/./node_modules/next/dist/build/webpack/loaders/next-app-loader/index.js?name=app%2Fapi%2Fcart%2Fitems%2Froute&page=%2Fapi%2Fcart%2Fitems%2Froute&appPaths=&pagePath=private-next-app-dir%2Fapi%2Fcart%2Fitems%2Froute.ts&appDir=C%3A%5CGit%5CNutrimotionV1%5Cnutrimotion-web%5Capp&pageExtensions=tsx&pageExtensions=ts&pageExtensions=jsx&pageExtensions=js&rootDir=C%3A%5CGit%5CNutrimotionV1%5Cnutrimotion-web&isDev=true&tsconfigPath=&basePath=&assetPrefix=&nextConfigOutput=&preferredRegion=&middlewareConfig=e30%3D&isGlobalNotFoundEnabled=!:230:38)
    at async AppRouteRouteModule.handleResponse (C:\Git\NutrimotionV1\nutrimotion-web\node_modules\next\dist\compiled\next-server\app-route.runtime.dev.js:1:191863)
    at async handleResponse (webpack-internal:///(rsc)/./node_modules/next/dist/build/webpack/loaders/next-app-loader/index.js?name=app%2Fapi%2Fcart%2Fitems%2Froute&page=%2Fapi%2Fcart%2Fitems%2Froute&appPaths=&pagePath=private-next-app-dir%2Fapi%2Fcart%2Fitems%2Froute.ts&appDir=C%3A%5CGit%5CNutrimotionV1%5Cnutrimotion-web%5Capp&pageExtensions=tsx&pageExtensions=ts&pageExtensions=jsx&pageExtensions=js&rootDir=C%3A%5CGit%5CNutrimotionV1%5Cnutrimotion-web&isDev=true&tsconfigPath=&basePath=&assetPrefix=&nextConfigOutput=&preferredRegion=&middlewareConfig=e30%3D&isGlobalNotFoundEnabled=!:293:32)
    at async Module.handler (webpack-internal:///(rsc)/./node_modules/next/dist/build/webpack/loaders/next-app-loader/index.js?name=app%2Fapi%2Fcart%2Fitems%2Froute&page=%2Fapi%2Fcart%2Fitems%2Froute&appPaths=&pagePath=private-next-app-dir%2Fapi%2Fcart%2Fitems%2Froute.ts&appDir=C%3A%5CGit%5CNutrimotionV1%5Cnutrimotion-web%5Capp&pageExtensions=tsx&pageExtensions=ts&pageExtensions=jsx&pageExtensions=js&rootDir=C%3A%5CGit%5CNutrimotionV1%5Cnutrimotion-web&isDev=true&tsconfigPath=&basePath=&assetPrefix=&nextConfigOutput=&preferredRegion=&middlewareConfig=e30%3D&isGlobalNotFoundEnabled=!:347:13)
    at async DevServer.renderToResponseWithComponentsImpl (C:\Git\NutrimotionV1\nutrimotion-web\node_modules\next\dist\server\base-server.js:1442:9)
    at async DevServer.renderPageComponent (C:\Git\NutrimotionV1\nutrimotion-web\node_modules\next\dist\server\base-server.js:1494:24)
    at async DevServer.renderToResponseImpl (C:\Git\NutrimotionV1\nutrimotion-web\node_modules\next\dist\server\base-server.js:1544:32)
    at async DevServer.pipeImpl (C:\Git\NutrimotionV1\nutrimotion-web\node_modules\next\dist\server\base-server.js:1038:25)
    at async NextNodeServer.handleCatchallRenderRequest (C:\Git\NutrimotionV1\nutrimotion-web\node_modules\next\dist\server\next-server.js:395:17)
    at async DevServer.handleRequestImpl (C:\Git\NutrimotionV1\nutrimotion-web\node_modules\next\dist\server\base-server.js:929:17)
    at async C:\Git\NutrimotionV1\nutrimotion-web\node_modules\next\dist\server\dev\next-dev-server.js:387:20
    at async Span.traceAsyncFn (C:\Git\NutrimotionV1\nutrimotion-web\node_modules\next\dist\trace\trace.js:157:20)
    at async DevServer.handleRequest (C:\Git\NutrimotionV1\nutrimotion-web\node_modules\next\dist\server\dev\next-dev-server.js:383:24)
    at async invokeRender (C:\Git\NutrimotionV1\nutrimotion-web\node_modules\next\dist\server\lib\router-server.js:248:21)
    at async handleRequest (C:\Git\NutrimotionV1\nutrimotion-web\node_modules\next\dist\server\lib\router-server.js:447:24)
    at async requestHandlerImpl (C:\Git\NutrimotionV1\nutrimotion-web\node_modules\next\dist\server\lib\router-server.js:496:13)
    at async Server.requestListener (C:\Git\NutrimotionV1\nutrimotion-web\node_modules\next\dist\server\lib\start-server.js:226:13)
Error adding to cart: next is not a function
Stack: TypeError: next is not a function
    at model.eval (webpack-internal:///(rsc)/./lib/db/models/Cart.ts:79:5)
    at Kareem.execPre (C:\Git\NutrimotionV1\nutrimotion-web\node_modules\kareem\index.js:68:39)
    at process.processTicksAndRejections (node:internal/process/task_queues:105:5)
    at async model.$__save (C:\Git\NutrimotionV1\nutrimotion-web\node_modules\mongoose\lib\model.js:371:5)
    at async model.save (C:\Git\NutrimotionV1\nutrimotion-web\node_modules\mongoose\lib\model.js:614:5)
    at async POST (webpack-internal:///(rsc)/./app/api/cart/items/route.ts:67:9)
    at async AppRouteRouteModule.do (C:\Git\NutrimotionV1\nutrimotion-web\node_modules\next\dist\compiled\next-server\app-route.runtime.dev.js:5:37866)
    at async AppRouteRouteModule.handle (C:\Git\NutrimotionV1\nutrimotion-web\node_modules\next\dist\compiled\next-server\app-route.runtime.dev.js:5:45156)
    at async responseGenerator (webpack-internal:///(rsc)/./node_modules/next/dist/build/webpack/loaders/next-app-loader/index.js?name=app%2Fapi%2Fcart%2Fitems%2Froute&page=%2Fapi%2Fcart%2Fitems%2Froute&appPaths=&pagePath=private-next-app-dir%2Fapi%2Fcart%2Fitems%2Froute.ts&appDir=C%3A%5CGit%5CNutrimotionV1%5Cnutrimotion-web%5Capp&pageExtensions=tsx&pageExtensions=ts&pageExtensions=jsx&pageExtensions=js&rootDir=C%3A%5CGit%5CNutrimotionV1%5Cnutrimotion-web&isDev=true&tsconfigPath=&basePath=&assetPrefix=&nextConfigOutput=&preferredRegion=&middlewareConfig=e30%3D&isGlobalNotFoundEnabled=!:230:38)
    at async AppRouteRouteModule.handleResponse (C:\Git\NutrimotionV1\nutrimotion-web\node_modules\next\dist\compiled\next-server\app-route.runtime.dev.js:1:191863)
    at async handleResponse (webpack-internal:///(rsc)/./node_modules/next/dist/build/webpack/loaders/next-app-loader/index.js?name=app%2Fapi%2Fcart%2Fitems%2Froute&page=%2Fapi%2Fcart%2Fitems%2Froute&appPaths=&pagePath=private-next-app-dir%2Fapi%2Fcart%2Fitems%2Froute.ts&appDir=C%3A%5CGit%5CNutrimotionV1%5Cnutrimotion-web%5Capp&pageExtensions=tsx&pageExtensions=ts&pageExtensions=jsx&pageExtensions=js&rootDir=C%3A%5CGit%5CNutrimotionV1%5Cnutrimotion-web&isDev=true&tsconfigPath=&basePath=&assetPrefix=&nextConfigOutput=&preferredRegion=&middlewareConfig=e30%3D&isGlobalNotFoundEnabled=!:293:32)
    at async Module.handler (webpack-internal:///(rsc)/./node_modules/next/dist/build/webpack/loaders/next-app-loader/index.js?name=app%2Fapi%2Fcart%2Fitems%2Froute&page=%2Fapi%2Fcart%2Fitems%2Froute&appPaths=&pagePath=private-next-app-dir%2Fapi%2Fcart%2Fitems%2Froute.ts&appDir=C%3A%5CGit%5CNutrimotionV1%5Cnutrimotion-web%5Capp&pageExtensions=tsx&pageExtensions=ts&pageExtensions=jsx&pageExtensions=js&rootDir=C%3A%5CGit%5CNutrimotionV1%5Cnutrimotion-web&isDev=true&tsconfigPath=&basePath=&assetPrefix=&nextConfigOutput=&preferredRegion=&middlewareConfig=e30%3D&isGlobalNotFoundEnabled=!:347:13)
    at async DevServer.renderToResponseWithComponentsImpl (C:\Git\NutrimotionV1\nutrimotion-web\node_modules\next\dist\server\base-server.js:1442:9)
    at async DevServer.renderPageComponent (C:\Git\NutrimotionV1\nutrimotion-web\node_modules\next\dist\server\base-server.js:1494:24)
    at async DevServer.renderToResponseImpl (C:\Git\NutrimotionV1\nutrimotion-web\node_modules\next\dist\server\base-server.js:1544:32)
    at async DevServer.pipeImpl (C:\Git\NutrimotionV1\nutrimotion-web\node_modules\next\dist\server\base-server.js:1038:25)
    at async NextNodeServer.handleCatchallRenderRequest (C:\Git\NutrimotionV1\nutrimotion-web\node_modules\next\dist\server\next-server.js:395:17)
    at async DevServer.handleRequestImpl (C:\Git\NutrimotionV1\nutrimotion-web\node_modules\next\dist\server\base-server.js:929:17)
    at async C:\Git\NutrimotionV1\nutrimotion-web\node_modules\next\dist\server\dev\next-dev-server.js:387:20
    at async Span.traceAsyncFn (C:\Git\NutrimotionV1\nutrimotion-web\node_modules\next\dist\trace\trace.js:157:20)
    at async DevServer.handleRequest (C:\Git\NutrimotionV1\nutrimotion-web\node_modules\next\dist\server\dev\next-dev-server.js:383:24)
    at async invokeRender (C:\Git\NutrimotionV1\nutrimotion-web\node_modules\next\dist\server\lib\router-server.js:248:21)
    at async handleRequest (C:\Git\NutrimotionV1\nutrimotion-web\node_modules\next\dist\server\lib\router-server.js:447:24)
    at async requestHandlerImpl (C:\Git\NutrimotionV1\nutrimotion-web\node_modules\next\dist\server\lib\router-server.js:496:13)
    at async Server.requestListener (C:\Git\NutrimotionV1\nutrimotion-web\node_modules\next\dist\server\lib\start-server.js:226:13)
Error adding to cart: next is not a function
Stack: TypeError: next is not a function
    at model.eval (webpack-internal:///(rsc)/./lib/db/models/Cart.ts:79:5)
    at Kareem.execPre (C:\Git\NutrimotionV1\nutrimotion-web\node_modules\kareem\index.js:68:39)
    at process.processTicksAndRejections (node:internal/process/task_queues:105:5)
    at async model.$__save (C:\Git\NutrimotionV1\nutrimotion-web\node_modules\mongoose\lib\model.js:371:5)
    at async model.save (C:\Git\NutrimotionV1\nutrimotion-web\node_modules\mongoose\lib\model.js:614:5)
    at async POST (webpack-internal:///(rsc)/./app/api/cart/items/route.ts:67:9)
    at async AppRouteRouteModule.do (C:\Git\NutrimotionV1\nutrimotion-web\node_modules\next\dist\compiled\next-server\app-route.runtime.dev.js:5:37866)
    at async AppRouteRouteModule.handle (C:\Git\NutrimotionV1\nutrimotion-web\node_modules\next\dist\compiled\next-server\app-route.runtime.dev.js:5:45156)
    at async responseGenerator (webpack-internal:///(rsc)/./node_modules/next/dist/build/webpack/loaders/next-app-loader/index.js?name=app%2Fapi%2Fcart%2Fitems%2Froute&page=%2Fapi%2Fcart%2Fitems%2Froute&appPaths=&pagePath=private-next-app-dir%2Fapi%2Fcart%2Fitems%2Froute.ts&appDir=C%3A%5CGit%5CNutrimotionV1%5Cnutrimotion-web%5Capp&pageExtensions=tsx&pageExtensions=ts&pageExtensions=jsx&pageExtensions=js&rootDir=C%3A%5CGit%5CNutrimotionV1%5Cnutrimotion-web&isDev=true&tsconfigPath=&basePath=&assetPrefix=&nextConfigOutput=&preferredRegion=&middlewareConfig=e30%3D&isGlobalNotFoundEnabled=!:230:38)
    at async AppRouteRouteModule.handleResponse (C:\Git\NutrimotionV1\nutrimotion-web\node_modules\next\dist\compiled\next-server\app-route.runtime.dev.js:1:191863)
    at async handleResponse (webpack-internal:///(rsc)/./node_modules/next/dist/build/webpack/loaders/next-app-loader/index.js?name=app%2Fapi%2Fcart%2Fitems%2Froute&page=%2Fapi%2Fcart%2Fitems%2Froute&appPaths=&pagePath=private-next-app-dir%2Fapi%2Fcart%2Fitems%2Froute.ts&appDir=C%3A%5CGit%5CNutrimotionV1%5Cnutrimotion-web%5Capp&pageExtensions=tsx&pageExtensions=ts&pageExtensions=jsx&pageExtensions=js&rootDir=C%3A%5CGit%5CNutrimotionV1%5Cnutrimotion-web&isDev=true&tsconfigPath=&basePath=&assetPrefix=&nextConfigOutput=&preferredRegion=&middlewareConfig=e30%3D&isGlobalNotFoundEnabled=!:293:32)
    at async Module.handler (webpack-internal:///(rsc)/./node_modules/next/dist/build/webpack/loaders/next-app-loader/index.js?name=app%2Fapi%2Fcart%2Fitems%2Froute&page=%2Fapi%2Fcart%2Fitems%2Froute&appPaths=&pagePath=private-next-app-dir%2Fapi%2Fcart%2Fitems%2Froute.ts&appDir=C%3A%5CGit%5CNutrimotionV1%5Cnutrimotion-web%5Capp&pageExtensions=tsx&pageExtensions=ts&pageExtensions=jsx&pageExtensions=js&rootDir=C%3A%5CGit%5CNutrimotionV1%5Cnutrimotion-web&isDev=true&tsconfigPath=&basePath=&assetPrefix=&nextConfigOutput=&preferredRegion=&middlewareConfig=e30%3D&isGlobalNotFoundEnabled=!:347:13)
    at async DevServer.renderToResponseWithComponentsImpl (C:\Git\NutrimotionV1\nutrimotion-web\node_modules\next\dist\server\base-server.js:1442:9)
    at async DevServer.renderPageComponent (C:\Git\NutrimotionV1\nutrimotion-web\node_modules\next\dist\server\base-server.js:1494:24)
    at async DevServer.renderToResponseImpl (C:\Git\NutrimotionV1\nutrimotion-web\node_modules\next\dist\server\base-server.js:1544:32)
    at async DevServer.pipeImpl (C:\Git\NutrimotionV1\nutrimotion-web\node_modules\next\dist\server\base-server.js:1038:25)
    at async NextNodeServer.handleCatchallRenderRequest (C:\Git\NutrimotionV1\nutrimotion-web\node_modules\next\dist\server\next-server.js:395:17)
    at async DevServer.handleRequestImpl (C:\Git\NutrimotionV1\nutrimotion-web\node_modules\next\dist\server\base-server.js:929:17)
    at async C:\Git\NutrimotionV1\nutrimotion-web\node_modules\next\dist\server\dev\next-dev-server.js:387:20
    at async Span.traceAsyncFn (C:\Git\NutrimotionV1\nutrimotion-web\node_modules\next\dist\trace\trace.js:157:20)
    at async DevServer.handleRequest (C:\Git\NutrimotionV1\nutrimotion-web\node_modules\next\dist\server\dev\next-dev-server.js:383:24)
    at async invokeRender (C:\Git\NutrimotionV1\nutrimotion-web\node_modules\next\dist\server\lib\router-server.js:248:21)
    at async handleRequest (C:\Git\NutrimotionV1\nutrimotion-web\node_modules\next\dist\server\lib\router-server.js:447:24)
    at async requestHandlerImpl (C:\Git\NutrimotionV1\nutrimotion-web\node_modules\next\dist\server\lib\router-server.js:496:13)
    at async Server.requestListener (C:\Git\NutrimotionV1\nutrimotion-web\node_modules\next\dist\server\lib\start-server.js:226:13)
Error processing checkout: Order validation failed: orderNumber: Path `orderNumber` is required.
Stack: ValidationError: Order validation failed: orderNumber: Path `orderNumber` is required.
    at Document.invalidate (C:\Git\NutrimotionV1\nutrimotion-web\node_modules\mongoose\lib\document.js:3405:32)
    at validatePath (C:\Git\NutrimotionV1\nutrimotion-web\node_modules\mongoose\lib\document.js:3177:13)
    at process.processTicksAndRejections (node:internal/process/task_queues:105:5)
    at async Promise.all (index 0)
    at async model.$__validate (C:\Git\NutrimotionV1\nutrimotion-web\node_modules\mongoose\lib\document.js:3118:3)
    at async model.validate (C:\Git\NutrimotionV1\nutrimotion-web\node_modules\mongoose\lib\document.js:2687:5)
    at async model.validateBeforeSavePreSave (C:\Git\NutrimotionV1\nutrimotion-web\node_modules\mongoose\lib\plugins\validateBeforeSave.js:39:5)
    at async Kareem.execPre (C:\Git\NutrimotionV1\nutrimotion-web\node_modules\kareem\index.js:70:24)
    at async model.$__save (C:\Git\NutrimotionV1\nutrimotion-web\node_modules\mongoose\lib\model.js:371:5)
    at async model.save (C:\Git\NutrimotionV1\nutrimotion-web\node_modules\mongoose\lib\model.js:614:5)
    at async C:\Git\NutrimotionV1\nutrimotion-web\node_modules\mongoose\lib\model.js:2750:9
    at async Promise.all (index 0)
    at async model.create (C:\Git\NutrimotionV1\nutrimotion-web\node_modules\mongoose\lib\model.js:2735:11)
    at async POST (webpack-internal:///(rsc)/./app/api/checkout/route.ts:73:23)
    at async AppRouteRouteModule.do (C:\Git\NutrimotionV1\nutrimotion-web\node_modules\next\dist\compiled\next-server\app-route.runtime.dev.js:5:37866)
    at async AppRouteRouteModule.handle (C:\Git\NutrimotionV1\nutrimotion-web\node_modules\next\dist\compiled\next-server\app-route.runtime.dev.js:5:45156)
    at async responseGenerator (webpack-internal:///(rsc)/./node_modules/next/dist/build/webpack/loaders/next-app-loader/index.js?name=app%2Fapi%2Fcheckout%2Froute&page=%2Fapi%2Fcheckout%2Froute&appPaths=&pagePath=private-next-app-dir%2Fapi%2Fcheckout%2Froute.ts&appDir=C%3A%5CGit%5CNutrimotionV1%5Cnutrimotion-web%5Capp&pageExtensions=tsx&pageExtensions=ts&pageExtensions=jsx&pageExtensions=js&rootDir=C%3A%5CGit%5CNutrimotionV1%5Cnutrimotion-web&isDev=true&tsconfigPath=&basePath=&assetPrefix=&nextConfigOutput=&preferredRegion=&middlewareConfig=e30%3D&isGlobalNotFoundEnabled=!:230:38)
    at async AppRouteRouteModule.handleResponse (C:\Git\NutrimotionV1\nutrimotion-web\node_modules\next\dist\compiled\next-server\app-route.runtime.dev.js:1:191863)
    at async handleResponse (webpack-internal:///(rsc)/./node_modules/next/dist/build/webpack/loaders/next-app-loader/index.js?name=app%2Fapi%2Fcheckout%2Froute&page=%2Fapi%2Fcheckout%2Froute&appPaths=&pagePath=private-next-app-dir%2Fapi%2Fcheckout%2Froute.ts&appDir=C%3A%5CGit%5CNutrimotionV1%5Cnutrimotion-web%5Capp&pageExtensions=tsx&pageExtensions=ts&pageExtensions=jsx&pageExtensions=js&rootDir=C%3A%5CGit%5CNutrimotionV1%5Cnutrimotion-web&isDev=true&tsconfigPath=&basePath=&assetPrefix=&nextConfigOutput=&preferredRegion=&middlewareConfig=e30%3D&isGlobalNotFoundEnabled=!:293:32)
    at async Module.handler (webpack-internal:///(rsc)/./node_modules/next/dist/build/webpack/loaders/next-app-loader/index.js?name=app%2Fapi%2Fcheckout%2Froute&page=%2Fapi%2Fcheckout%2Froute&appPaths=&pagePath=private-next-app-dir%2Fapi%2Fcheckout%2Froute.ts&appDir=C%3A%5CGit%5CNutrimotionV1%5Cnutrimotion-web%5Capp&pageExtensions=tsx&pageExtensions=ts&pageExtensions=jsx&pageExtensions=js&rootDir=C%3A%5CGit%5CNutrimotionV1%5Cnutrimotion-web&isDev=true&tsconfigPath=&basePath=&assetPrefix=&nextConfigOutput=&preferredRegion=&middlewareConfig=e30%3D&isGlobalNotFoundEnabled=!:347:13)
    at async DevServer.renderToResponseWithComponentsImpl (C:\Git\NutrimotionV1\nutrimotion-web\node_modules\next\dist\server\base-server.js:1442:9)
    at async DevServer.renderPageComponent (C:\Git\NutrimotionV1\nutrimotion-web\node_modules\next\dist\server\base-server.js:1494:24)
    at async DevServer.renderToResponseImpl (C:\Git\NutrimotionV1\nutrimotion-web\node_modules\next\dist\server\base-server.js:1544:32)
    at async DevServer.pipeImpl (C:\Git\NutrimotionV1\nutrimotion-web\node_modules\next\dist\server\base-server.js:1038:25)
    at async NextNodeServer.handleCatchallRenderRequest (C:\Git\NutrimotionV1\nutrimotion-web\node_modules\next\dist\server\next-server.js:395:17)
    at async DevServer.handleRequestImpl (C:\Git\NutrimotionV1\nutrimotion-web\node_modules\next\dist\server\base-server.js:929:17)
    at async C:\Git\NutrimotionV1\nutrimotion-web\node_modules\next\dist\server\dev\next-dev-server.js:387:20
    at async Span.traceAsyncFn (C:\Git\NutrimotionV1\nutrimotion-web\node_modules\next\dist\trace\trace.js:157:20)
    at async DevServer.handleRequest (C:\Git\NutrimotionV1\nutrimotion-web\node_modules\next\dist\server\dev\next-dev-server.js:383:24)
    at async invokeRender (C:\Git\NutrimotionV1\nutrimotion-web\node_modules\next\dist\server\lib\router-server.js:248:21)
    at async handleRequest (C:\Git\NutrimotionV1\nutrimotion-web\node_modules\next\dist\server\lib\router-server.js:447:24)
    at async requestHandlerImpl (C:\Git\NutrimotionV1\nutrimotion-web\node_modules\next\dist\server\lib\router-server.js:496:13)
    at async Server.requestListener (C:\Git\NutrimotionV1\nutrimotion-web\node_modules\next\dist\server\lib\start-server.js:226:13)
Details: {"errors":{"orderNumber":{"name":"ValidatorError","message":"Path `orderNumber` is required.","properties":{"message":"Path `orderNumber` is required.","type":"required","path":"orderNumber"},"kind":"required","path":"orderNumber"}},"_message":"Order validation failed","name":"ValidationError","message":"Order validation failed: orderNumber: Path `orderNumber` is required."}
